[     438ms] [INFO] %cDownload the React DevTools for a better development experience: https://react.dev/link/react-devtools font-weight:bold @ http://localhost:5173/node_modules/.vite/deps/react-dom_client.js?v=a51c0ca8:14336
[ 9566643ms] [LOG] [vite] server connection lost. Polling for restart... @ http://localhost:5173/@vite/client:968
[11323367ms] [ERROR] Failed to load resource: net::ERR_NETWORK_IO_SUSPENDED @ http://localhost:5173/api/business-risk/stream?sessionId=session-biz-risk-a21d00ba-8fd2-45a6-9320-b36ef2cffbc2&lastEventId=1780088726832-2deb1207-214d-4eb5-b9c2-5d1881d51b8f:0
[11324099ms] [INFO] %cDownload the React DevTools for a better development experience: https://react.dev/link/react-devtools font-weight:bold @ http://localhost:5173/node_modules/.vite/deps/react-dom_client.js?v=a51c0ca8:14336
[11348919ms] [LOG] [vite] server connection lost. Polling for restart... @ http://localhost:5173/@vite/client:968
[11928724ms] [ERROR] Failed to load resource: net::ERR_NETWORK_IO_SUSPENDED @ http://localhost:5173/api/business-risk/stream?sessionId=session-biz-risk-a21d00ba-8fd2-45a6-9320-b36ef2cffbc2&lastEventId=1780098226888-29ff292f-9b44-46e3-8efa-38bafde12f57:0
[11929414ms] [INFO] %cDownload the React DevTools for a better development experience: https://react.dev/link/react-devtools font-weight:bold @ http://localhost:5173/node_modules/.vite/deps/react-dom_client.js?v=a51c0ca8:14336
[12659701ms] [LOG] [vite] server connection lost. Polling for restart... @ http://localhost:5173/@vite/client:968
[12659707ms] [ERROR] Failed to load resource: net::ERR_NETWORK_IO_SUSPENDED @ http://localhost:5173/api/business-risk/stream?sessionId=session-biz-risk-a21d00ba-8fd2-45a6-9320-b36ef2cffbc2&lastEventId=1780098226888-29ff292f-9b44-46e3-8efa-38bafde12f57:0
[13669780ms] [INFO] %cDownload the React DevTools for a better development experience: https://react.dev/link/react-devtools font-weight:bold @ http://localhost:5173/node_modules/.vite/deps/react-dom_client.js?v=a51c0ca8:14336
[14090647ms] [ERROR] React has detected a change in the order of Hooks called by %s. This will lead to bugs and errors if not fixed. For more information, read the Rules of Hooks: https://react.dev/link/rules-of-hooks

   Previous render            Next render
   ------------------------------------------------------
%s   ^^^^^^^^^^^^^^^^^^^^^^^^^^^^^^^^^^^^^^^^^^^^^^^^^^^^^^
 TaskDetailPage 1. useContext                 useContext
2. useCallback                useCallback
3. useCallback                useCallback
4. useSyncExternalStore       useSyncExternalStore
5. useDebugValue              useDebugValue
6. useCallback                useCallback
7. useCallback                useCallback
8. useSyncExternalStore       useSyncExternalStore
9. useDebugValue              useDebugValue
10. useCallback               useCallback
11. useCallback               useCallback
12. useSyncExternalStore      useSyncExternalStore
13. useDebugValue             useDebugValue
14. useCallback               useCallback
15. useCallback               useCallback
16. useSyncExternalStore      useSyncExternalStore
17. useDebugValue             useDebugValue
18. useCallback               useCallback
19. useCallback               useCallback
20. useSyncExternalStore      useSyncExternalStore
21. useDebugValue             useDebugValue
22. useCallback               useCallback
23. useCallback               useCallback
24. useSyncExternalStore      useSyncExternalStore
25. useDebugValue             useDebugValue
26. useState                  useState
27. useState                  useState
28. useState                  useState
29. useState                  useState
30. useState                  useState
31. useCallback               useCallback
32. useCallback               useCallback
33. useSyncExternalStore      useSyncExternalStore
34. useDebugValue             useDebugValue
35. useCallback               useCallback
36. useCallback               useCallback
37. useSyncExternalStore      useSyncExternalStore
38. useDebugValue             useDebugValue
39. useCallback               useCallback
40. useCallback               useCallback
41. useSyncExternalStore      useSyncExternalStore
42. useDebugValue             useDebugValue
43. useState                  useCallback
 @ http://localhost:5173/@vite/client:509
[14090655ms] [ERROR] Error handled by React Router default ErrorBoundary: TypeError: Cannot read properties of null (reading 'getSnapshot')
    at updateSyncExternalStore (http://localhost:5173/node_modules/.vite/deps/react-dom_client.js?v=a51c0ca8:4542:13)
    at Object.useSyncExternalStore (http://localhost:5173/node_modules/.vite/deps/react-dom_client.js?v=a51c0ca8:13324:12)
    at exports.useSyncExternalStore (http://localhost:5173/node_modules/.vite/deps/react-C4Nfo9RE.js?v=a51c0ca8:773:31)
    at useStore (http://localhost:5173/node_modules/.vite/deps/zustand.js?v=a51c0ca8:35:29)
    at useBoundStore (http://localhost:5173/node_modules/.vite/deps/zustand.js?v=a51c0ca8:41:38)
    at useBusinessRiskSse (http://localhost:5173/src/hooks/useBusinessRiskSse.ts?t=1780102773295:55:18)
    at TaskDetailPage (http://localhost:5173/src/pages/TaskDetailPage.tsx?t=1780102773295:70:27)
    at Object.react_stack_bottom_frame (http://localhost:5173/node_modules/.vite/deps/react-dom_client.js?v=a51c0ca8:12867:12)
    at renderWithHooks (http://localhost:5173/node_modules/.vite/deps/react-dom_client.js?v=a51c0ca8:4212:19)
    at updateFunctionComponent (http://localhost:5173/node_modules/.vite/deps/react-dom_client.js?v=a51c0ca8:5568:16) @ http://localhost:5173/@vite/client:509
[14090661ms] [ERROR] Error handled by React Router default ErrorBoundary: TypeError: Cannot read properties of null (reading 'getSnapshot')
    at updateSyncExternalStore (http://localhost:5173/node_modules/.vite/deps/react-dom_client.js?v=a51c0ca8:4542:13)
    at Object.useSyncExternalStore (http://localhost:5173/node_modules/.vite/deps/react-dom_client.js?v=a51c0ca8:13324:12)
    at exports.useSyncExternalStore (http://localhost:5173/node_modules/.vite/deps/react-C4Nfo9RE.js?v=a51c0ca8:773:31)
    at useStore (http://localhost:5173/node_modules/.vite/deps/zustand.js?v=a51c0ca8:35:29)
    at useBoundStore (http://localhost:5173/node_modules/.vite/deps/zustand.js?v=a51c0ca8:41:38)
    at useBusinessRiskSse (http://localhost:5173/src/hooks/useBusinessRiskSse.ts?t=1780102773295:55:18)
    at TaskDetailPage (http://localhost:5173/src/pages/TaskDetailPage.tsx?t=1780102773295:70:27)
    at Object.react_stack_bottom_frame (http://localhost:5173/node_modules/.vite/deps/react-dom_client.js?v=a51c0ca8:12867:12)
    at renderWithHooks (http://localhost:5173/node_modules/.vite/deps/react-dom_client.js?v=a51c0ca8:4212:19)
    at updateFunctionComponent (http://localhost:5173/node_modules/.vite/deps/react-dom_client.js?v=a51c0ca8:5568:16) @ http://localhost:5173/@vite/client:509
[14090664ms] [ERROR] Error handled by React Router default ErrorBoundary: TypeError: Cannot read properties of null (reading 'getSnapshot')
    at updateSyncExternalStore (http://localhost:5173/node_modules/.vite/deps/react-dom_client.js?v=a51c0ca8:4542:13)
    at Object.useSyncExternalStore (http://localhost:5173/node_modules/.vite/deps/react-dom_client.js?v=a51c0ca8:13324:12)
    at exports.useSyncExternalStore (http://localhost:5173/node_modules/.vite/deps/react-C4Nfo9RE.js?v=a51c0ca8:773:31)
    at useStore (http://localhost:5173/node_modules/.vite/deps/zustand.js?v=a51c0ca8:35:29)
    at useBoundStore (http://localhost:5173/node_modules/.vite/deps/zustand.js?v=a51c0ca8:41:38)
    at useBusinessRiskSse (http://localhost:5173/src/hooks/useBusinessRiskSse.ts?t=1780102773295:55:18)
    at TaskDetailPage (http://localhost:5173/src/pages/TaskDetailPage.tsx?t=1780102773295:70:27)
    at Object.react_stack_bottom_frame (http://localhost:5173/node_modules/.vite/deps/react-dom_client.js?v=a51c0ca8:12867:12)
    at renderWithHooks (http://localhost:5173/node_modules/.vite/deps/react-dom_client.js?v=a51c0ca8:4212:19)
    at updateFunctionComponent (http://localhost:5173/node_modules/.vite/deps/react-dom_client.js?v=a51c0ca8:5568:16) @ http://localhost:5173/@vite/client:509
[14090664ms] [ERROR] Error handled by React Router default ErrorBoundary: TypeError: Cannot read properties of null (reading 'getSnapshot')
    at updateSyncExternalStore (http://localhost:5173/node_modules/.vite/deps/react-dom_client.js?v=a51c0ca8:4542:13)
    at Object.useSyncExternalStore (http://localhost:5173/node_modules/.vite/deps/react-dom_client.js?v=a51c0ca8:13324:12)
    at exports.useSyncExternalStore (http://localhost:5173/node_modules/.vite/deps/react-C4Nfo9RE.js?v=a51c0ca8:773:31)
    at useStore (http://localhost:5173/node_modules/.vite/deps/zustand.js?v=a51c0ca8:35:29)
    at useBoundStore (http://localhost:5173/node_modules/.vite/deps/zustand.js?v=a51c0ca8:41:38)
    at useBusinessRiskSse (http://localhost:5173/src/hooks/useBusinessRiskSse.ts?t=1780102773295:55:18)
    at TaskDetailPage (http://localhost:5173/src/pages/TaskDetailPage.tsx?t=1780102773295:70:27)
    at Object.react_stack_bottom_frame (http://localhost:5173/node_modules/.vite/deps/react-dom_client.js?v=a51c0ca8:12867:12)
    at renderWithHooks (http://localhost:5173/node_modules/.vite/deps/react-dom_client.js?v=a51c0ca8:4212:19)
    at updateFunctionComponent (http://localhost:5173/node_modules/.vite/deps/react-dom_client.js?v=a51c0ca8:5568:16) @ http://localhost:5173/@vite/client:509
[14090668ms] [ERROR] %o

%s

%s
 TypeError: Cannot read properties of null (reading 'getSnapshot')
    at updateSyncExternalStore (http://localhost:5173/node_modules/.vite/deps/react-dom_client.js?v=a51c0ca8:4542:13)
    at Object.useSyncExternalStore (http://localhost:5173/node_modules/.vite/deps/react-dom_client.js?v=a51c0ca8:13324:12)
    at exports.useSyncExternalStore (http://localhost:5173/node_modules/.vite/deps/react-C4Nfo9RE.js?v=a51c0ca8:773:31)
    at useStore (http://localhost:5173/node_modules/.vite/deps/zustand.js?v=a51c0ca8:35:29)
    at useBoundStore (http://localhost:5173/node_modules/.vite/deps/zustand.js?v=a51c0ca8:41:38)
    at useBusinessRiskSse (http://localhost:5173/src/hooks/useBusinessRiskSse.ts?t=1780102773295:55:18)
    at TaskDetailPage (http://localhost:5173/src/pages/TaskDetailPage.tsx?t=1780102773295:70:27)
    at Object.react_stack_bottom_frame (http://localhost:5173/node_modules/.vite/deps/react-dom_client.js?v=a51c0ca8:12867:12)
    at renderWithHooks (http://localhost:5173/node_modules/.vite/deps/react-dom_client.js?v=a51c0ca8:4212:19)
    at updateFunctionComponent (http://localhost:5173/node_modules/.vite/deps/react-dom_client.js?v=a51c0ca8:5568:16) The above error occurred in the <TaskDetailPage> component. React will try to recreate this component tree from scratch using the error boundary you provided, RenderErrorBoundary. @ http://localhost:5173/@vite/client:509
[14090669ms] [ERROR] React Router caught the following error during render TypeError: Cannot read properties of null (reading 'getSnapshot')
    at updateSyncExternalStore (http://localhost:5173/node_modules/.vite/deps/react-dom_client.js?v=a51c0ca8:4542:13)
    at Object.useSyncExternalStore (http://localhost:5173/node_modules/.vite/deps/react-dom_client.js?v=a51c0ca8:13324:12)
    at exports.useSyncExternalStore (http://localhost:5173/node_modules/.vite/deps/react-C4Nfo9RE.js?v=a51c0ca8:773:31)
    at useStore (http://localhost:5173/node_modules/.vite/deps/zustand.js?v=a51c0ca8:35:29)
    at useBoundStore (http://localhost:5173/node_modules/.vite/deps/zustand.js?v=a51c0ca8:41:38)
    at useBusinessRiskSse (http://localhost:5173/src/hooks/useBusinessRiskSse.ts?t=1780102773295:55:18)
    at TaskDetailPage (http://localhost:5173/src/pages/TaskDetailPage.tsx?t=1780102773295:70:27)
    at Object.react_stack_bottom_frame (http://localhost:5173/node_modules/.vite/deps/react-dom_client.js?v=a51c0ca8:12867:12)
    at renderWithHooks (http://localhost:5173/node_modules/.vite/deps/react-dom_client.js?v=a51c0ca8:4212:19)
    at updateFunctionComponent (http://localhost:5173/node_modules/.vite/deps/react-dom_client.js?v=a51c0ca8:5568:16) @ http://localhost:5173/@vite/client:509
[14094602ms] [ERROR] The final argument passed to %s changed size between renders. The order and size of this array must remain constant.

Previous: %s
Incoming: %s useEffect [session-biz-risk-a21d00ba-8fd2-45a6-9320-b36ef2cffbc2, (result) => set((state) => {
		state.results[result.taskId] = result;
	}), [object Object], biz-risk-a21d00ba-8fd2-45a6-9320-b36ef2cffbc2, (taskId, status) => set((state) => {
		if (state.tasks[taskId]) {
			state.tasks[taskId].status = status;
		}
	})] [session-biz-risk-a21d00ba-8fd2-45a6-9320-b36ef2cffbc2, (taskId, entries) => set((state) => {
		state.logs[taskId] = entries;
	}), (result) => set((state) => {
		state.results[result.taskId] = result;
	}), [object Object], biz-risk-a21d00ba-8fd2-45a6-9320-b36ef2cffbc2, (taskId, status) => set((state) => {
		if (state.tasks[taskId]) {
			state.tasks[taskId].status = status;
		}
	})] @ http://localhost:5173/@vite/client:509
