[WARNING] 
[WARNING] Some problems were encountered while building the effective settings
[WARNING] Unrecognised tag: 'snapshotPolicy' (position: START_TAG seen ...</layout>\n          <snapshotPolicy>... @204:27)  @ D:\develop\apache-maven-3.9.4\conf\settings.xml, line 204, column 27
[WARNING] 
[INFO] Scanning for projects...
[INFO] 
[INFO] ----------------------< com.acme:review-backend >-----------------------
[INFO] Building review-backend 0.0.1-SNAPSHOT
[INFO]   from pom.xml
[INFO] --------------------------------[ jar ]---------------------------------
[INFO] 
[INFO] --- resources:3.3.1:resources (default-resources) @ review-backend ---
[INFO] Copying 1 resource from src\main\resources to target\classes
[INFO] Copying 0 resource from src\main\resources to target\classes
[INFO] 
[INFO] --- compiler:3.11.0:compile (default-compile) @ review-backend ---
[INFO] Nothing to compile - all classes are up to date
[INFO] 
[INFO] --- resources:3.3.1:testResources (default-testResources) @ review-backend ---
[INFO] skip non existing resourceDirectory D:\Pro\backend\src\test\resources
[INFO] 
[INFO] --- compiler:3.11.0:testCompile (default-testCompile) @ review-backend ---
[INFO] Nothing to compile - all classes are up to date
[INFO] 
[INFO] --- surefire:3.1.2:test (default-test) @ review-backend ---
[INFO] Tests are skipped.
[INFO] 
[INFO] --- jar:3.3.0:jar (default-jar) @ review-backend ---
[INFO] 
[INFO] --- spring-boot:3.2.5:repackage (repackage) @ review-backend ---
[INFO] Replacing main artifact D:\Pro\backend\target\review-backend-0.0.1-SNAPSHOT.jar with repackaged archive, adding nested dependencies in BOOT-INF/.
[INFO] The original artifact has been renamed to D:\Pro\backend\target\review-backend-0.0.1-SNAPSHOT.jar.original
[INFO] ------------------------------------------------------------------------
[INFO] BUILD SUCCESS
[INFO] ------------------------------------------------------------------------
[INFO] Total time:  6.442 s
[INFO] Finished at: 2026-04-10T15:11:19+08:00
[INFO] ------------------------------------------------------------------------
